[www.foremostmedia.com/industries/manufacturing.html]
[backblue.gif]
[fade.gif]
[index.html]
[www.foremostmedia.com/Portals/_default/admin424b.css]
[www.foremostmedia.com/DesktopModules/ForemostMedia/FmFormBuilder/css/application424b.css]
[www.foremostmedia.com/Resources/Search/SearchSkinObjectPreview424b.css]
[www.foremostmedia.com/Portals/0/portal424b.css]
[www.foremostmedia.com/Resources/Libraries/bootstrap/04_01_03/css/bootstrap.min424b.css]
[www.foremostmedia.com/Resources/Libraries/font-awesome/05_15_01/css/fontawesome.min424b.css]
[www.foremostmedia.com/Resources/Libraries/font-awesome/05_15_01/css/regular.min424b.css]
[www.foremostmedia.com/Resources/Libraries/font-awesome/05_15_01/css/brands.min424b.css]
[www.foremostmedia.com/Resources/Libraries/font-awesome/05_15_01/css/light.min424b.css]
[www.foremostmedia.com/Resources/Libraries/font-awesome/05_15_01/css/solid.min424b.css]
[www.foremostmedia.com/Resources/Libraries/offcanmenu/02_00_08/css/off-can-menu424b.css]
[www.foremostmedia.com/Resources/Libraries/slick/01_08_01/css/slick424b.css]
[www.foremostmedia.com/Resources/Libraries/slick/01_08_01/css/slick-theme424b.css]
[www.foremostmedia.com/Portals/_default/skins/foremostmedia-theme/css/base424b.css]
[www.foremostmedia.com/Portals/_default/skins/foremostmedia-theme/css/interior424b.css]
[code.jquery.com/jquery-3.5.1.min424b.js]
[code.jquery.com/jquery-migrate-3.2.0.min424b.js]
[ajax.googleapis.com/ajax/libs/jqueryui/1.12.1/jquery-ui.min424b.js]
[cdnjs.cloudflare.com/ajax/libs/knockout/3.4.1/knockout-min424b.js]
[ajax.aspnetcdn.com/ajax/4.6/1/WebForms.js]
[ajax.aspnetcdn.com/ajax/4.6/1/MicrosoftAjax.js]
[ajax.aspnetcdn.com/ajax/4.6/1/MicrosoftAjaxWebForms.js]
[www.foremostmedia.com/js/dnn424b.js]
[www.foremostmedia.com/js/dnn.modalpopup424b.js]
[www.foremostmedia.com/Resources/Shared/Scripts/jquery/jquery.hoverIntent.min424b.js]
[www.foremostmedia.com/js/dnncore424b.js]
[www.foremostmedia.com/Resources/Search/SearchSkinObjectPreview424b.js]
[www.foremostmedia.com/js/dnn.servicesframework424b.js]
[www.foremostmedia.com/Resources/Shared/Scripts/dnn.jquery424b.js]
[www.foremostmedia.com/Portals/_default/skins/foremostmedia-theme/js/base424b.js]
[www.foremostmedia.com/Portals/_default/skins/foremostmedia-theme/js/interior424b.js]
[www.foremostmedia.com/Resources/libraries/popperjs/02_05_04/popper.min424b.js]
[www.foremostmedia.com/industries/manufacturing/web-design.html]
[www.foremostmedia.com/industries/manufacturing/marketing.html]
[www.foremostmedia.com/industries/manufacturing/website-tools.html]
[www.foremostmedia.com/industries/manufacturing/faqs.html]
[www.foremostmedia.com/industries/manufacturing/account-based-marketing.html]
[www.foremostmedia.com/industries/ecommerce.html]
[www.foremostmedia.com/industries/health-and-wellness.html]
[www.foremostmedia.com/industries/nonprofit.html]
[www.foremostmedia.com/industries/government.html]
[www.foremostmedia.com/industries/professional-services.html]
[www.foremostmedia.com/Portals/_default/skins/foremostmedia-theme/img/site-logo.png]
[www.foremostmedia.com/Portals/0/Images/Manufacturing/manufacturing-top-image7dd2.jpg]
[www.foremostmedia.com/Portals/0/Images/TestImages/sites751d.jpg]
[www.foremostmedia.com/Portals/_default/Skins/ForemostMedia-Theme/img/callout-arrow.png]
[www.foremostmedia.com/Portals/0/Images/TestImages/design-mec1727.jpg]
[www.foremostmedia.com/Portals/0/Images/TestImages/seo-team0871.jpg]
[www.foremostmedia.com/Portals/0/adam/Footer App/IW7-I5eUHUWqfR5h-fIdDQ/Headshot/evan.jpg]
[www.foremostmedia.com/portals/_default/Skins/ForemostMedia-Theme/img/footer-phone-icon.png]
[www.foremostmedia.com/portals/_default/Skins/ForemostMedia-Theme/img/quote-icon.png]
[cdn.jsdelivr.net/knockout.validation/2.0.3/knockout.validation.min424b.js]
[www.google.com/recaptcha/api5ec6.js]
[www.foremostmedia.com/DesktopModules/ForemostMedia/FmFormBuilder/js/application424b.js]
[www.foremostmedia.com/Resources/libraries/bootstrap/04_01_03/bootstrap.min424b.js]
[www.foremostmedia.com/Resources/libraries/slick/01_08_01/slick424b.js]
[www.foremostmedia.com/Resources/libraries/offcanmenu/02_00_08/off-can-menu424b.js]
[www.foremostmedia.com/industries/manufacturing.html]
[www.googletagmanager.com/gtm5445.html]
[www.foremostmedia.com/Portals/_default/admin424b.css]
[www.foremostmedia.com/DesktopModules/ForemostMedia/FmFormBuilder/images/loading.gif]
[www.foremostmedia.com/DesktopModules/ForemostMedia/FmFormBuilder/css/application424b.css]
[www.foremostmedia.com/images/search/clearText.png]
[www.foremostmedia.com/Resources/Search/SearchSkinObjectPreview424b.css]
[www.foremostmedia.com/Portals/0/portal424b.css]
[www.foremostmedia.com/Resources/Libraries/bootstrap/04_01_03/css/bootstrap.min424b.css]
[www.foremostmedia.com/Resources/Libraries/font-awesome/05_15_01/css/fontawesome.min424b.css]
[www.foremostmedia.com/Resources/Libraries/font-awesome/05_15_01/css/regular.min424b.css]
[www.foremostmedia.com/Resources/Libraries/font-awesome/05_15_01/css/brands.min424b.css]
[www.foremostmedia.com/Resources/Libraries/font-awesome/05_15_01/css/light.min424b.css]
[www.foremostmedia.com/Resources/Libraries/font-awesome/05_15_01/css/solid.min424b.css]
[www.foremostmedia.com/Resources/Libraries/offcanmenu/02_00_08/css/off-can-menu424b.css]
[www.foremostmedia.com/Resources/Libraries/slick/01_08_01/css/slick424b.css]
[www.foremostmedia.com/Resources/Libraries/slick/01_08_01/css/slick-theme424b.css]
[www.foremostmedia.com/Portals/_default/skins/foremostmedia-theme/img/phone-icon-hover.png]
[www.foremostmedia.com/Portals/_default/skins/foremostmedia-theme/img/quote-icon-hover.png]
[www.foremostmedia.com/Portals/_default/skins/foremostmedia-theme/css/base424b.css]
[www.foremostmedia.com/Portals/0/Images/WebDevelopment/live-chat-online.png]
[www.foremostmedia.com/Portals/0/Images/WebDevelopment/live-chat-online-hover.png]
[www.foremostmedia.com/Portals/0/Images/WebDevelopment/live-chat-offline.png]
[www.foremostmedia.com/Portals/0/Images/WebDevelopment/live-chat-offline-hover.png]
[www.foremostmedia.com/images/checkbox.png]
[www.foremostmedia.com/Portals/0/Images/Landing-Page/Top-Form.png]
[www.foremostmedia.com/portals/0/Images/form-arrow.png]
[www.foremostmedia.com/Portals/_default/skins/foremostmedia-theme/css/interior424b.css]
[www.foremostmedia.com/industries/manufacturing/web-design.html]
[www.foremostmedia.com/Portals/0/Images/Industries/manufacturinga2c0.jpg]
[www.foremostmedia.com/Portals/0/seo-team2d2f7.jpg]
[www.foremostmedia.com/Portals/0/remarketing4f32.jpg]
[www.foremostmedia.com/Portals/0/3rd-level-acton204f.jpg]
[www.foremostmedia.com/industries/manufacturing/marketing/marketing-automation.html]
[www.foremostmedia.com/Portals/0/ai-3rdea68.jpg]
[www.foremostmedia.com/Portals/0/socialc9c7.jpg]
[www.foremostmedia.com/Portals/0/funnel-3rd8f60.jpg]
[www.foremostmedia.com/Portals/0/adam/Footer App/Vw4nePXkIE2EctsHNGcZjA/Headshot/tina.jpg]
[www.foremostmedia.com/industries/manufacturing/marketing.html]
[www.foremostmedia.com/Portals/0/distributor-locatorded8.jpg]
[www.foremostmedia.com/industries/manufacturing/website-tools/distributor-locator-tools.html]
[www.foremostmedia.com/Portals/0/bid5e75.jpg]
[www.foremostmedia.com/industries/manufacturing/website-tools/lead-management-tools.html]
[www.foremostmedia.com/Portals/0/3rd-level-warrantye2a3.jpg]
[www.foremostmedia.com/industries/manufacturing/website-tools/online-warranty-registration.html]
[www.foremostmedia.com/industries/manufacturing/website-tools/document-management-systems.html]
[www.foremostmedia.com/Portals/0/3rd-level-doc-managerb071.jpg]
[www.foremostmedia.com/Portals/0/3rd-level-appf38b.jpg]
[www.foremostmedia.com/industries/manufacturing/website-tools/phone-and-tablet-apps.html]
[www.foremostmedia.com/industries/manufacturing/website-tools/custom-quote-forms.html]
[www.foremostmedia.com/Portals/0/3rd-level-rfq103c.jpg]
[www.foremostmedia.com/Portals/0/3rd-level-marketing-repositoryd50a.jpg]
[www.foremostmedia.com/industries/manufacturing/website-tools/marketing-repositories.html]
[www.foremostmedia.com/industries/manufacturing/website-tools/ecommerce-solutions.html]
[www.foremostmedia.com/Portals/0/3rd-amazon-a9d6bc.jpg]
[www.foremostmedia.com/Portals/0/adam/Footer App/F2waUE-Kok-zlVI0-nGC-w/Headshot/jon-photo.png]
[www.foremostmedia.com/industries/manufacturing/website-tools.html]
[www.foremostmedia.com/Portals/0/adam/Footer App/Z21UVKXb50aZtssNPs1EWQ/Headshot/tony.jpg]
[www.foremostmedia.com/industries/manufacturing/faqs.html]
[www.foremostmedia.com/Portals/0/Images/ABM/account-based-marketingb164.jpg]
[www.foremostmedia.com/Portals/0/Images/ABM/account-identificationb88f.jpg]
[www.foremostmedia.com/Portals/0/Images/ABM/persona-development9bee.jpg]
[www.foremostmedia.com/Portals/0/Images/ABM/message-content-creation6662.jpg]
[www.foremostmedia.com/Portals/0/Images/ABM/stages-of-content1c33.jpg]
[www.foremostmedia.com/Portals/0/Images/ABM/workflow-developmentc55f.jpg]
[www.foremostmedia.com/Portals/0/Images/ABM/implementatione885.jpg]
[www.foremostmedia.com/Portals/0/Images/ABM/measure-and-optimize0585.jpg]
[www.foremostmedia.com/Portals/0/adam/Footer App/D8JB4xNhTU6qJFTd6NR9Sw/Headshot/abbey-1.jpg]
[www.foremostmedia.com/industries/manufacturing/account-based-marketing.html]
[www.foremostmedia.com/Portals/0/Images/Ecommerce/ecommerce518c.jpg]
[www.foremostmedia.com/Portals/0/Images/TestImages/3rd-level-chemtronics-responsive0fe1.jpg]
[www.foremostmedia.com/Portals/0/Images/TestImages/3rd-amazon-a93525.jpg]
[www.foremostmedia.com/industries/ecommerce.html]
[www.foremostmedia.com/Portals/0/Images/Health-And-Wellness/health-and-wellnesscfff.jpg]
[www.foremostmedia.com/Portals/0/Images/TestImages/design-design0d02.jpg]
[www.foremostmedia.com/Portals/0/Images/TestImages/bidf468.jpg]
[www.foremostmedia.com/industries/health-and-wellness.html]
[www.foremostmedia.com/Portals/0/Images/Nonprofit/non-profitbaa4.jpg]
[www.foremostmedia.com/Portals/0/Images/TestImages/non-profit-square3d07.jpg]
[www.foremostmedia.com/Portals/0/Images/TestImages/conversion-cta0ad9.jpg]
[www.foremostmedia.com/industries/nonprofit.html]
[www.foremostmedia.com/Portals/0/Images/Government/government2f79.jpg]
[www.foremostmedia.com/Portals/0/Images/TestImages/3rd-level-governementjpgcbb2.jpg]
[www.foremostmedia.com/Portals/0/Images/TestImages/3rd-level-governementjpg-tool368a.jpg]
[www.foremostmedia.com/industries/government.html]
[www.foremostmedia.com/Portals/0/Images/Business-Services/business-services9816.jpg]
